==================================================================================================================================================== test session starts ====================================================================================================================================================
platform win32 -- Python 3.13.2, pytest-7.4.3, pluggy-1.6.0
rootdir: D:\Personal\ResumeJesus
plugins: anyio-3.7.1, asyncio-0.21.1, cov-4.1.0, mock-3.15.1
asyncio: mode=Mode.STRICT
collected 1 item

tests\test_pdf.py F                                                                                                                                                                                                                                                                                                    [100%]

========================================================================================================================================================= FAILURES ==========================================================================================================================================================
______________________________________________________________________________________________________________________________________________________ test_create_pdf ______________________________________________________________________________________________________________________________________________________

    def test_create_pdf():
        profile_data = {
            "name": "Test User",
            "role": "Test Role",
            "email": "test@example.com",
            "phone": "123456789",
            "location": "Test Location",
            "summary": "Test Summary with special char Ç",
            "experience": [
                {
                    "role": "Role 1",
                    "company": "Company 1",
                    "period": "2020-2021",
                    "location": "Loc 1",
                    "description": "Desc 1"
                }
            ],
            "skills": ["Skill 1", "Skill 2"]
        }
    
        pdf_bytes = create_pdf(profile_data)
>       assert isinstance(pdf_bytes, bytes)
E       AssertionError: assert False
E        +  where False = isinstance(bytearray(b'%PDF-1.3\n%\xe9\xeb\xf1\xbf\n1 0 obj\n<<\n/Count 1\n/Kids [3 0 R]\n/MediaBox [0 0 595.28 841.89]\n/Type /P.../Info 9 0 R\n/ID [<558222FC05C711C4B159419D78F8FB3D><558222FC05C711C4B159419D78F8FB3D>]\n>>\nstartxref\n1284\n%%EOF\n'), bytes)

tests\test_pdf.py:25: AssertionError
===================================================================================================================================================== warnings summary ======================================================================================================================================================
..\..\Temp\pyenv-win-master\pyenv-win\versions\3.13.2\Lib\site-packages\fpdf\__init__.py:40
  D:\Temp\pyenv-win-master\pyenv-win\versions\3.13.2\Lib\site-packages\fpdf\__init__.py:40: UserWarning: You have both PyFPDF & fpdf2 installed. Both packages cannot be installed at the same time as they share the same module namespace. To only keep fpdf2, run: pip uninstall --yes pypdf && pip install --upgrade fpdf2
    warnings.warn(

-- Docs: https://docs.pytest.org/en/stable/how-to/capture-warnings.html
================================================================================================================================================== short test summary info ==================================================================================================================================================
FAILED tests/test_pdf.py::test_create_pdf - AssertionError: assert False
=============================================================================================================================================== 1 failed, 1 warning in 0.48s ================================================================================================================================================
